[NO_PID]: ECPGdebug: set to 1
[NO_PID]: sqlca: code: 0, state: 00000
[NO_PID]: ECPGconnect: opening database ecpg1_regression on <DEFAULT> port <DEFAULT>  
[NO_PID]: sqlca: code: 0, state: 00000
[NO_PID]: ecpg_execute on line 64: query: create table if not exists test ( data1 bytea , data2 bytea ); with 0 parameter(s) on connection ecpg1_regression
[NO_PID]: sqlca: code: 0, state: 00000
[NO_PID]: ecpg_execute on line 64: using PQexec
[NO_PID]: sqlca: code: 0, state: 00000
[NO_PID]: ecpg_process_output on line 64: OK: CREATE TABLE
[NO_PID]: sqlca: code: 0, state: 00000
[NO_PID]: prepare_common on line 66: name ins_stmt; query: "insert into test values($1,$2)"
[NO_PID]: sqlca: code: 0, state: 00000
[NO_PID]: prepare_common on line 67: name sel_stmt; query: "select data1,data2 from test"
[NO_PID]: sqlca: code: 0, state: 00000
[NO_PID]: ecpg_execute on line 73: query: truncate test; with 0 parameter(s) on connection ecpg1_regression
[NO_PID]: sqlca: code: 0, state: 00000
[NO_PID]: ecpg_execute on line 73: using PQexec
[NO_PID]: sqlca: code: 0, state: 00000
[NO_PID]: ecpg_process_output on line 73: OK: TRUNCATE TABLE
[NO_PID]: sqlca: code: 0, state: 00000
[NO_PID]: ecpg_execute on line 74: query: insert into test values ( $1  , $2  ); with 2 parameter(s) on connection ecpg1_regression
[NO_PID]: sqlca: code: 0, state: 00000
[NO_PID]: ecpg_execute on line 74: using PQexecParams
[NO_PID]: sqlca: code: 0, state: 00000
[NO_PID]: ecpg_free_params on line 74: parameter 1 = fffefdfcfbfaf9f8f7f6f5f4f3f2f1f0efeeedecebeae9e8e7e6e5e4e3e2e1e0dfdedddcdbdad9d8d7d6d5d4d3d2d1d0cfcecdcccbcac9c8c7c6c5c4c3c2c1c0bfbebdbcbbbab9b8b7b6b5b4b3b2b1b0afaeadacabaaa9a8a7a6a5a4a3a2a1a09f9e9d9c9b9a999897969594939291908f8e8d8c8b8a898887868584838281807f7e7d7c7b7a797877767574737271706f6e6d6c6b6a696867666564636261605f5e5d5c5b5a595857565554535251504f4e4d4c4b4a494847464544434241403f3e3d3c3b3a393837363534333231302f2e2d2c2b2a292827262524232221201f1e1d1c1b1a191817161514131211100f0e0d0c0b0a09080706050403020100fffefdfcfbfaf9f8f7f6f5f4f3f2f1f0efeeedecebeae9e8e7e6e5e4e3e2e1e0dfdedddcdbdad9d8d7d6d5d4d3d2d1d0cfcecdcccbcac9c8c7c6c5c4c3c2c1c0bfbebdbcbbbab9b8b7b6b5b4b3b2b1b0afaeadacabaaa9a8a7a6a5a4a3a2a1a09f9e9d9c9b9a999897969594939291908f8e8d8c8b8a898887868584838281807f7e7d7c7b7a797877767574737271706f6e6d6c6b6a696867666564636261605f5e5d5c5b5a595857565554535251504f4e4d4c4b4a494847464544434241403f3e3d3c3b3a393837363534333231302f2e2d2c2b2a292827262524232221201f1e1d1c1b1a191817161514131211100f0e0d0c0b0a09080706050403020100
[NO_PID]: sqlca: code: 0, state: 00000
[NO_PID]: ecpg_free_params on line 74: parameter 2 = fffefdfcfbfaf9f8f7f6f5f4f3f2f1f0efeeedecebeae9e8e7e6e5e4e3e2e1e0dfdedddcdbdad9d8d7d6d5d4d3d2d1d0cfcecdcccbcac9c8c7c6c5c4c3c2c1c0bfbebdbcbbbab9b8b7b6b5b4b3b2b1b0afaeadacabaaa9a8a7a6a5a4a3a2a1a09f9e9d9c9b9a999897969594939291908f8e8d8c8b8a898887868584838281807f7e7d7c7b7a797877767574737271706f6e6d6c6b6a696867666564636261605f5e5d5c5b5a595857565554535251504f4e4d4c4b4a494847464544434241403f3e3d3c3b3a393837363534333231302f2e2d2c2b2a292827262524232221201f1e1d1c1b1a191817161514131211100f0e0d0c0b0a09080706050403020100fffefdfcfbfaf9f8f7f6f5f4f3f2f1f0efeeedecebeae9e8e7e6e5e4e3e2e1e0dfdedddcdbdad9d8d7d6d5d4d3d2d1d0cfcecdcccbcac9c8c7c6c5c4c3c2c1c0bfbebdbcbbbab9b8b7b6b5b4b3b2b1b0afaeadacabaaa9a8a7a6a5a4a3a2a1a09f9e9d9c9b9a999897969594939291908f8e8d8c8b8a898887868584838281807f7e7d7c7b7a797877767574737271706f6e6d6c6b6a696867666564636261605f5e5d5c5b5a595857565554535251504f4e4d4c4b4a494847464544434241403f3e3d3c3b3a393837363534333231302f2e2d2c2b2a292827262524232221201f1e1d1c1b1a191817161514131211100f0e0d0c0b0a09080706050403020100
[NO_PID]: sqlca: code: 0, state: 00000
[NO_PID]: ecpg_process_output on line 74: OK: INSERT 0 1
[NO_PID]: sqlca: code: 0, state: 00000
[NO_PID]: ecpg_execute on line 75: query: select data1 , data2 from test; with 0 parameter(s) on connection ecpg1_regression
[NO_PID]: sqlca: code: 0, state: 00000
[NO_PID]: ecpg_execute on line 75: using PQexec
[NO_PID]: sqlca: code: 0, state: 00000
[NO_PID]: ecpg_process_output on line 75: correctly got 1 tuples with 2 fields
[NO_PID]: sqlca: code: 0, state: 00000
[NO_PID]: ecpg_get_data on line 75: RESULT: \xfffefdfcfbfaf9f8f7f6f5f4f3f2f1f0efeeedecebeae9e8e7e6e5e4e3e2e1e0dfdedddcdbdad9d8d7d6d5d4d3d2d1d0cfcecdcccbcac9c8c7c6c5c4c3c2c1c0bfbebdbcbbbab9b8b7b6b5b4b3b2b1b0afaeadacabaaa9a8a7a6a5a4a3a2a1a09f9e9d9c9b9a999897969594939291908f8e8d8c8b8a898887868584838281807f7e7d7c7b7a797877767574737271706f6e6d6c6b6a696867666564636261605f5e5d5c5b5a595857565554535251504f4e4d4c4b4a494847464544434241403f3e3d3c3b3a393837363534333231302f2e2d2c2b2a292827262524232221201f1e1d1c1b1a191817161514131211100f0e0d0c0b0a09080706050403020100fffefdfcfbfaf9f8f7f6f5f4f3f2f1f0efeeedecebeae9e8e7e6e5e4e3e2e1e0dfdedddcdbdad9d8d7d6d5d4d3d2d1d0cfcecdcccbcac9c8c7c6c5c4c3c2c1c0bfbebdbcbbbab9b8b7b6b5b4b3b2b1b0afaeadacabaaa9a8a7a6a5a4a3a2a1a09f9e9d9c9b9a999897969594939291908f8e8d8c8b8a898887868584838281807f7e7d7c7b7a797877767574737271706f6e6d6c6b6a696867666564636261605f5e5d5c5b5a595857565554535251504f4e4d4c4b4a494847464544434241403f3e3d3c3b3a393837363534333231302f2e2d2c2b2a292827262524232221201f1e1d1c1b1a191817161514131211100f0e0d0c0b0a09080706050403020100 offset: -1; array: no
[NO_PID]: sqlca: code: 0, state: 00000
[NO_PID]: ecpg_get_data on line 75: RESULT: \xfffefdfcfbfaf9f8f7f6f5f4f3f2f1f0efeeedecebeae9e8e7e6e5e4e3e2e1e0dfdedddcdbdad9d8d7d6d5d4d3d2d1d0cfcecdcccbcac9c8c7c6c5c4c3c2c1c0bfbebdbcbbbab9b8b7b6b5b4b3b2b1b0afaeadacabaaa9a8a7a6a5a4a3a2a1a09f9e9d9c9b9a999897969594939291908f8e8d8c8b8a898887868584838281807f7e7d7c7b7a797877767574737271706f6e6d6c6b6a696867666564636261605f5e5d5c5b5a595857565554535251504f4e4d4c4b4a494847464544434241403f3e3d3c3b3a393837363534333231302f2e2d2c2b2a292827262524232221201f1e1d1c1b1a191817161514131211100f0e0d0c0b0a09080706050403020100fffefdfcfbfaf9f8f7f6f5f4f3f2f1f0efeeedecebeae9e8e7e6e5e4e3e2e1e0dfdedddcdbdad9d8d7d6d5d4d3d2d1d0cfcecdcccbcac9c8c7c6c5c4c3c2c1c0bfbebdbcbbbab9b8b7b6b5b4b3b2b1b0afaeadacabaaa9a8a7a6a5a4a3a2a1a09f9e9d9c9b9a999897969594939291908f8e8d8c8b8a898887868584838281807f7e7d7c7b7a797877767574737271706f6e6d6c6b6a696867666564636261605f5e5d5c5b5a595857565554535251504f4e4d4c4b4a494847464544434241403f3e3d3c3b3a393837363534333231302f2e2d2c2b2a292827262524232221201f1e1d1c1b1a191817161514131211100f0e0d0c0b0a09080706050403020100 offset: -1; array: no
[NO_PID]: sqlca: code: 0, state: 00000
[NO_PID]: ecpg_execute on line 81: query: truncate test; with 0 parameter(s) on connection ecpg1_regression
[NO_PID]: sqlca: code: 0, state: 00000
[NO_PID]: ecpg_execute on line 81: using PQexec
[NO_PID]: sqlca: code: 0, state: 00000
[NO_PID]: ecpg_process_output on line 81: OK: TRUNCATE TABLE
[NO_PID]: sqlca: code: 0, state: 00000
[NO_PID]: ecpg_execute on line 82: query: insert into test values ( $1  , $2  ); with 2 parameter(s) on connection ecpg1_regression
[NO_PID]: sqlca: code: 0, state: 00000
[NO_PID]: ecpg_execute on line 82: using PQexecParams
[NO_PID]: sqlca: code: 0, state: 00000
[NO_PID]: ecpg_free_params on line 82: parameter 1 = fffefdfcfbfaf9f8f7f6f5f4f3f2f1f0efeeedecebeae9e8e7e6e5e4e3e2e1e0dfdedddcdbdad9d8d7d6d5d4d3d2d1d0cfcecdcccbcac9c8c7c6c5c4c3c2c1c0bfbebdbcbbbab9b8b7b6b5b4b3b2b1b0afaeadacabaaa9a8a7a6a5a4a3a2a1a09f9e9d9c9b9a999897969594939291908f8e8d8c8b8a898887868584838281807f7e7d7c7b7a797877767574737271706f6e6d6c6b6a696867666564636261605f5e5d5c5b5a595857565554535251504f4e4d4c4b4a494847464544434241403f3e3d3c3b3a393837363534333231302f2e2d2c2b2a292827262524232221201f1e1d1c1b1a191817161514131211100f0e0d0c0b0a09080706050403020100fffefdfcfbfaf9f8f7f6f5f4f3f2f1f0efeeedecebeae9e8e7e6e5e4e3e2e1e0dfdedddcdbdad9d8d7d6d5d4d3d2d1d0cfcecdcccbcac9c8c7c6c5c4c3c2c1c0bfbebdbcbbbab9b8b7b6b5b4b3b2b1b0afaeadacabaaa9a8a7a6a5a4a3a2a1a09f9e9d9c9b9a999897969594939291908f8e8d8c8b8a898887868584838281807f7e7d7c7b7a797877767574737271706f6e6d6c6b6a696867666564636261605f5e5d5c5b5a595857565554535251504f4e4d4c4b4a494847464544434241403f3e3d3c3b3a393837363534333231302f2e2d2c2b2a292827262524232221201f1e1d1c1b1a191817161514131211100f0e0d0c0b0a09080706050403020100
[NO_PID]: sqlca: code: 0, state: 00000
[NO_PID]: ecpg_free_params on line 82: parameter 2 = fffefdfcfbfaf9f8f7f6f5f4f3f2f1f0efeeedecebeae9e8e7e6e5e4e3e2e1e0dfdedddcdbdad9d8d7d6d5d4d3d2d1d0cfcecdcccbcac9c8c7c6c5c4c3c2c1c0bfbebdbcbbbab9b8b7b6b5b4b3b2b1b0afaeadacabaaa9a8a7a6a5a4a3a2a1a09f9e9d9c9b9a999897969594939291908f8e8d8c8b8a898887868584838281807f7e7d7c7b7a797877767574737271706f6e6d6c6b6a696867666564636261605f5e5d5c5b5a595857565554535251504f4e4d4c4b4a494847464544434241403f3e3d3c3b3a393837363534333231302f2e2d2c2b2a292827262524232221201f1e1d1c1b1a191817161514131211100f0e0d0c0b0a09080706050403020100fffefdfcfbfaf9f8f7f6f5f4f3f2f1f0efeeedecebeae9e8e7e6e5e4e3e2e1e0dfdedddcdbdad9d8d7d6d5d4d3d2d1d0cfcecdcccbcac9c8c7c6c5c4c3c2c1c0bfbebdbcbbbab9b8b7b6b5b4b3b2b1b0afaeadacabaaa9a8a7a6a5a4a3a2a1a09f9e9d9c9b9a999897969594939291908f8e8d8c8b8a898887868584838281807f7e7d7c7b7a797877767574737271706f6e6d6c6b6a696867666564636261605f5e5d5c5b5a595857565554535251504f4e4d4c4b4a494847464544434241403f3e3d3c3b3a393837363534333231302f2e2d2c2b2a292827262524232221201f1e1d1c1b1a191817161514131211100f0e0d0c0b0a09080706050403020100
[NO_PID]: sqlca: code: 0, state: 00000
[NO_PID]: ecpg_process_output on line 82: OK: INSERT 0 1
[NO_PID]: sqlca: code: 0, state: 00000
[NO_PID]: ecpg_execute on line 84: query: declare cursor1 cursor for select data1 from test where data1 = $1 ; with 1 parameter(s) on connection ecpg1_regression
[NO_PID]: sqlca: code: 0, state: 00000
[NO_PID]: ecpg_execute on line 84: using PQexecParams
[NO_PID]: sqlca: code: 0, state: 00000
[NO_PID]: ecpg_free_params on line 84: parameter 1 = fffefdfcfbfaf9f8f7f6f5f4f3f2f1f0efeeedecebeae9e8e7e6e5e4e3e2e1e0dfdedddcdbdad9d8d7d6d5d4d3d2d1d0cfcecdcccbcac9c8c7c6c5c4c3c2c1c0bfbebdbcbbbab9b8b7b6b5b4b3b2b1b0afaeadacabaaa9a8a7a6a5a4a3a2a1a09f9e9d9c9b9a999897969594939291908f8e8d8c8b8a898887868584838281807f7e7d7c7b7a797877767574737271706f6e6d6c6b6a696867666564636261605f5e5d5c5b5a595857565554535251504f4e4d4c4b4a494847464544434241403f3e3d3c3b3a393837363534333231302f2e2d2c2b2a292827262524232221201f1e1d1c1b1a191817161514131211100f0e0d0c0b0a09080706050403020100fffefdfcfbfaf9f8f7f6f5f4f3f2f1f0efeeedecebeae9e8e7e6e5e4e3e2e1e0dfdedddcdbdad9d8d7d6d5d4d3d2d1d0cfcecdcccbcac9c8c7c6c5c4c3c2c1c0bfbebdbcbbbab9b8b7b6b5b4b3b2b1b0afaeadacabaaa9a8a7a6a5a4a3a2a1a09f9e9d9c9b9a999897969594939291908f8e8d8c8b8a898887868584838281807f7e7d7c7b7a797877767574737271706f6e6d6c6b6a696867666564636261605f5e5d5c5b5a595857565554535251504f4e4d4c4b4a494847464544434241403f3e3d3c3b3a393837363534333231302f2e2d2c2b2a292827262524232221201f1e1d1c1b1a191817161514131211100f0e0d0c0b0a09080706050403020100
[NO_PID]: sqlca: code: 0, state: 00000
[NO_PID]: ecpg_process_output on line 84: OK: DECLARE CURSOR
[NO_PID]: sqlca: code: 0, state: 00000
[NO_PID]: ecpg_execute on line 85: query: fetch from cursor1; with 0 parameter(s) on connection ecpg1_regression
[NO_PID]: sqlca: code: 0, state: 00000
[NO_PID]: ecpg_execute on line 85: using PQexec
[NO_PID]: sqlca: code: 0, state: 00000
[NO_PID]: ecpg_process_output on line 85: correctly got 1 tuples with 1 fields
[NO_PID]: sqlca: code: 0, state: 00000
[NO_PID]: ecpg_get_data on line 85: RESULT: \xfffefdfcfbfaf9f8f7f6f5f4f3f2f1f0efeeedecebeae9e8e7e6e5e4e3e2e1e0dfdedddcdbdad9d8d7d6d5d4d3d2d1d0cfcecdcccbcac9c8c7c6c5c4c3c2c1c0bfbebdbcbbbab9b8b7b6b5b4b3b2b1b0afaeadacabaaa9a8a7a6a5a4a3a2a1a09f9e9d9c9b9a999897969594939291908f8e8d8c8b8a898887868584838281807f7e7d7c7b7a797877767574737271706f6e6d6c6b6a696867666564636261605f5e5d5c5b5a595857565554535251504f4e4d4c4b4a494847464544434241403f3e3d3c3b3a393837363534333231302f2e2d2c2b2a292827262524232221201f1e1d1c1b1a191817161514131211100f0e0d0c0b0a09080706050403020100fffefdfcfbfaf9f8f7f6f5f4f3f2f1f0efeeedecebeae9e8e7e6e5e4e3e2e1e0dfdedddcdbdad9d8d7d6d5d4d3d2d1d0cfcecdcccbcac9c8c7c6c5c4c3c2c1c0bfbebdbcbbbab9b8b7b6b5b4b3b2b1b0afaeadacabaaa9a8a7a6a5a4a3a2a1a09f9e9d9c9b9a999897969594939291908f8e8d8c8b8a898887868584838281807f7e7d7c7b7a797877767574737271706f6e6d6c6b6a696867666564636261605f5e5d5c5b5a595857565554535251504f4e4d4c4b4a494847464544434241403f3e3d3c3b3a393837363534333231302f2e2d2c2b2a292827262524232221201f1e1d1c1b1a191817161514131211100f0e0d0c0b0a09080706050403020100 offset: -1; array: no
[NO_PID]: sqlca: code: 0, state: 00000
[NO_PID]: ecpg_execute on line 86: query: close cursor1; with 0 parameter(s) on connection ecpg1_regression
[NO_PID]: sqlca: code: 0, state: 00000
[NO_PID]: ecpg_execute on line 86: using PQexec
[NO_PID]: sqlca: code: 0, state: 00000
[NO_PID]: ecpg_process_output on line 86: OK: CLOSE CURSOR
[NO_PID]: sqlca: code: 0, state: 00000
[NO_PID]: raising sqlcode -230 on line 87: invalid statement name "cursor1" on line 87
[NO_PID]: sqlca: code: -230, state: 26000
SQL error: invalid statement name "cursor1" on line 87
[NO_PID]: ecpg_execute on line 92: query: truncate test; with 0 parameter(s) on connection ecpg1_regression
[NO_PID]: sqlca: code: 0, state: 00000
[NO_PID]: ecpg_execute on line 92: using PQexec
[NO_PID]: sqlca: code: 0, state: 00000
[NO_PID]: ecpg_process_output on line 92: OK: TRUNCATE TABLE
[NO_PID]: sqlca: code: 0, state: 00000
[NO_PID]: ecpg_execute on line 93: query: insert into test values ( $1  , $2  ); with 2 parameter(s) on connection ecpg1_regression
[NO_PID]: sqlca: code: 0, state: 00000
[NO_PID]: ecpg_execute on line 93: using PQexecParams
[NO_PID]: sqlca: code: 0, state: 00000
[NO_PID]: ecpg_free_params on line 93: parameter 1 = fffefdfcfbfaf9f8f7f6f5f4f3f2f1f0efeeedecebeae9e8e7e6e5e4e3e2e1e0dfdedddcdbdad9d8d7d6d5d4d3d2d1d0cfcecdcccbcac9c8c7c6c5c4c3c2c1c0bfbebdbcbbbab9b8b7b6b5b4b3b2b1b0afaeadacabaaa9a8a7a6a5a4a3a2a1a09f9e9d9c9b9a999897969594939291908f8e8d8c8b8a898887868584838281807f7e7d7c7b7a797877767574737271706f6e6d6c6b6a696867666564636261605f5e5d5c5b5a595857565554535251504f4e4d4c4b4a494847464544434241403f3e3d3c3b3a393837363534333231302f2e2d2c2b2a292827262524232221201f1e1d1c1b1a191817161514131211100f0e0d0c0b0a09080706050403020100fffefdfcfbfaf9f8f7f6f5f4f3f2f1f0efeeedecebeae9e8e7e6e5e4e3e2e1e0dfdedddcdbdad9d8d7d6d5d4d3d2d1d0cfcecdcccbcac9c8c7c6c5c4c3c2c1c0bfbebdbcbbbab9b8b7b6b5b4b3b2b1b0afaeadacabaaa9a8a7a6a5a4a3a2a1a09f9e9d9c9b9a999897969594939291908f8e8d8c8b8a898887868584838281807f7e7d7c7b7a797877767574737271706f6e6d6c6b6a696867666564636261605f5e5d5c5b5a595857565554535251504f4e4d4c4b4a494847464544434241403f3e3d3c3b3a393837363534333231302f2e2d2c2b2a292827262524232221201f1e1d1c1b1a191817161514131211100f0e0d0c0b0a09080706050403020100
[NO_PID]: sqlca: code: 0, state: 00000
[NO_PID]: ecpg_free_params on line 93: parameter 2 = fffefdfcfbfaf9f8f7f6f5f4f3f2f1f0efeeedecebeae9e8e7e6e5e4e3e2e1e0dfdedddcdbdad9d8d7d6d5d4d3d2d1d0cfcecdcccbcac9c8c7c6c5c4c3c2c1c0bfbebdbcbbbab9b8b7b6b5b4b3b2b1b0afaeadacabaaa9a8a7a6a5a4a3a2a1a09f9e9d9c9b9a999897969594939291908f8e8d8c8b8a898887868584838281807f7e7d7c7b7a797877767574737271706f6e6d6c6b6a696867666564636261605f5e5d5c5b5a595857565554535251504f4e4d4c4b4a494847464544434241403f3e3d3c3b3a393837363534333231302f2e2d2c2b2a292827262524232221201f1e1d1c1b1a191817161514131211100f0e0d0c0b0a09080706050403020100fffefdfcfbfaf9f8f7f6f5f4f3f2f1f0efeeedecebeae9e8e7e6e5e4e3e2e1e0dfdedddcdbdad9d8d7d6d5d4d3d2d1d0cfcecdcccbcac9c8c7c6c5c4c3c2c1c0bfbebdbcbbbab9b8b7b6b5b4b3b2b1b0afaeadacabaaa9a8a7a6a5a4a3a2a1a09f9e9d9c9b9a999897969594939291908f8e8d8c8b8a898887868584838281807f7e7d7c7b7a797877767574737271706f6e6d6c6b6a696867666564636261605f5e5d5c5b5a595857565554535251504f4e4d4c4b4a494847464544434241403f3e3d3c3b3a393837363534333231302f2e2d2c2b2a292827262524232221201f1e1d1c1b1a191817161514131211100f0e0d0c0b0a09080706050403020100
[NO_PID]: sqlca: code: 0, state: 00000
[NO_PID]: ecpg_process_output on line 93: OK: INSERT 0 1
[NO_PID]: sqlca: code: 0, state: 00000
[NO_PID]: ecpg_execute on line 94: query: insert into test values ( $1  , $2  ); with 2 parameter(s) on connection ecpg1_regression
[NO_PID]: sqlca: code: 0, state: 00000
[NO_PID]: ecpg_execute on line 94: using PQexecParams
[NO_PID]: sqlca: code: 0, state: 00000
[NO_PID]: ecpg_free_params on line 94: parameter 1 = fffefdfcfbfaf9f8f7f6f5f4f3f2f1f0efeeedecebeae9e8e7e6e5e4e3e2e1e0dfdedddcdbdad9d8d7d6d5d4d3d2d1d0cfcecdcccbcac9c8c7c6c5c4c3c2c1c0bfbebdbcbbbab9b8b7b6b5b4b3b2b1b0afaeadacabaaa9a8a7a6a5a4a3a2a1a09f9e9d9c9b9a999897969594939291908f8e8d8c8b8a898887868584838281807f7e7d7c7b7a797877767574737271706f6e6d6c6b6a696867666564636261605f5e5d5c5b5a595857565554535251504f4e4d4c4b4a494847464544434241403f3e3d3c3b3a393837363534333231302f2e2d2c2b2a292827262524232221201f1e1d1c1b1a191817161514131211100f0e0d0c0b0a09080706050403020100fffefdfcfbfaf9f8f7f6f5f4f3f2f1f0efeeedecebeae9e8e7e6e5e4e3e2e1e0dfdedddcdbdad9d8d7d6d5d4d3d2d1d0cfcecdcccbcac9c8c7c6c5c4c3c2c1c0bfbebdbcbbbab9b8b7b6b5b4b3b2b1b0afaeadacabaaa9a8a7a6a5a4a3a2a1a09f9e9d9c9b9a999897969594939291908f8e8d8c8b8a898887868584838281807f7e7d7c7b7a797877767574737271706f6e6d6c6b6a696867666564636261605f5e5d5c5b5a595857565554535251504f4e4d4c4b4a494847464544434241403f3e3d3c3b3a393837363534333231302f2e2d2c2b2a292827262524232221201f1e1d1c1b1a191817161514131211100f0e0d0c0b0a09080706050403020100
[NO_PID]: sqlca: code: 0, state: 00000
[NO_PID]: ecpg_free_params on line 94: parameter 2 = fffefdfcfbfaf9f8f7f6f5f4f3f2f1f0efeeedecebeae9e8e7e6e5e4e3e2e1e0dfdedddcdbdad9d8d7d6d5d4d3d2d1d0cfcecdcccbcac9c8c7c6c5c4c3c2c1c0bfbebdbcbbbab9b8b7b6b5b4b3b2b1b0afaeadacabaaa9a8a7a6a5a4a3a2a1a09f9e9d9c9b9a999897969594939291908f8e8d8c8b8a898887868584838281807f7e7d7c7b7a797877767574737271706f6e6d6c6b6a696867666564636261605f5e5d5c5b5a595857565554535251504f4e4d4c4b4a494847464544434241403f3e3d3c3b3a393837363534333231302f2e2d2c2b2a292827262524232221201f1e1d1c1b1a191817161514131211100f0e0d0c0b0a09080706050403020100fffefdfcfbfaf9f8f7f6f5f4f3f2f1f0efeeedecebeae9e8e7e6e5e4e3e2e1e0dfdedddcdbdad9d8d7d6d5d4d3d2d1d0cfcecdcccbcac9c8c7c6c5c4c3c2c1c0bfbebdbcbbbab9b8b7b6b5b4b3b2b1b0afaeadacabaaa9a8a7a6a5a4a3a2a1a09f9e9d9c9b9a999897969594939291908f8e8d8c8b8a898887868584838281807f7e7d7c7b7a797877767574737271706f6e6d6c6b6a696867666564636261605f5e5d5c5b5a595857565554535251504f4e4d4c4b4a494847464544434241403f3e3d3c3b3a393837363534333231302f2e2d2c2b2a292827262524232221201f1e1d1c1b1a191817161514131211100f0e0d0c0b0a09080706050403020100
[NO_PID]: sqlca: code: 0, state: 00000
[NO_PID]: ecpg_process_output on line 94: OK: INSERT 0 1
[NO_PID]: sqlca: code: 0, state: 00000
[NO_PID]: ecpg_execute on line 95: query: select data1 from test; with 0 parameter(s) on connection ecpg1_regression
[NO_PID]: sqlca: code: 0, state: 00000
[NO_PID]: ecpg_execute on line 95: using PQexec
[NO_PID]: sqlca: code: 0, state: 00000
[NO_PID]: ecpg_process_output on line 95: correctly got 2 tuples with 1 fields
[NO_PID]: sqlca: code: 0, state: 00000
[NO_PID]: ecpg_store_result on line 95: allocating memory for 2 tuples
[NO_PID]: sqlca: code: 0, state: 00000
[NO_PID]: ecpg_get_data on line 95: RESULT: \xfffefdfcfbfaf9f8f7f6f5f4f3f2f1f0efeeedecebeae9e8e7e6e5e4e3e2e1e0dfdedddcdbdad9d8d7d6d5d4d3d2d1d0cfcecdcccbcac9c8c7c6c5c4c3c2c1c0bfbebdbcbbbab9b8b7b6b5b4b3b2b1b0afaeadacabaaa9a8a7a6a5a4a3a2a1a09f9e9d9c9b9a999897969594939291908f8e8d8c8b8a898887868584838281807f7e7d7c7b7a797877767574737271706f6e6d6c6b6a696867666564636261605f5e5d5c5b5a595857565554535251504f4e4d4c4b4a494847464544434241403f3e3d3c3b3a393837363534333231302f2e2d2c2b2a292827262524232221201f1e1d1c1b1a191817161514131211100f0e0d0c0b0a09080706050403020100fffefdfcfbfaf9f8f7f6f5f4f3f2f1f0efeeedecebeae9e8e7e6e5e4e3e2e1e0dfdedddcdbdad9d8d7d6d5d4d3d2d1d0cfcecdcccbcac9c8c7c6c5c4c3c2c1c0bfbebdbcbbbab9b8b7b6b5b4b3b2b1b0afaeadacabaaa9a8a7a6a5a4a3a2a1a09f9e9d9c9b9a999897969594939291908f8e8d8c8b8a898887868584838281807f7e7d7c7b7a797877767574737271706f6e6d6c6b6a696867666564636261605f5e5d5c5b5a595857565554535251504f4e4d4c4b4a494847464544434241403f3e3d3c3b3a393837363534333231302f2e2d2c2b2a292827262524232221201f1e1d1c1b1a191817161514131211100f0e0d0c0b0a09080706050403020100 offset: -1; array: no
[NO_PID]: sqlca: code: 0, state: 00000
[NO_PID]: ecpg_get_data on line 95: RESULT: \xfffefdfcfbfaf9f8f7f6f5f4f3f2f1f0efeeedecebeae9e8e7e6e5e4e3e2e1e0dfdedddcdbdad9d8d7d6d5d4d3d2d1d0cfcecdcccbcac9c8c7c6c5c4c3c2c1c0bfbebdbcbbbab9b8b7b6b5b4b3b2b1b0afaeadacabaaa9a8a7a6a5a4a3a2a1a09f9e9d9c9b9a999897969594939291908f8e8d8c8b8a898887868584838281807f7e7d7c7b7a797877767574737271706f6e6d6c6b6a696867666564636261605f5e5d5c5b5a595857565554535251504f4e4d4c4b4a494847464544434241403f3e3d3c3b3a393837363534333231302f2e2d2c2b2a292827262524232221201f1e1d1c1b1a191817161514131211100f0e0d0c0b0a09080706050403020100fffefdfcfbfaf9f8f7f6f5f4f3f2f1f0efeeedecebeae9e8e7e6e5e4e3e2e1e0dfdedddcdbdad9d8d7d6d5d4d3d2d1d0cfcecdcccbcac9c8c7c6c5c4c3c2c1c0bfbebdbcbbbab9b8b7b6b5b4b3b2b1b0afaeadacabaaa9a8a7a6a5a4a3a2a1a09f9e9d9c9b9a999897969594939291908f8e8d8c8b8a898887868584838281807f7e7d7c7b7a797877767574737271706f6e6d6c6b6a696867666564636261605f5e5d5c5b5a595857565554535251504f4e4d4c4b4a494847464544434241403f3e3d3c3b3a393837363534333231302f2e2d2c2b2a292827262524232221201f1e1d1c1b1a191817161514131211100f0e0d0c0b0a09080706050403020100 offset: -1; array: no
[NO_PID]: sqlca: code: 0, state: 00000
[NO_PID]: ecpg_execute on line 102: query: truncate test; with 0 parameter(s) on connection ecpg1_regression
[NO_PID]: sqlca: code: 0, state: 00000
[NO_PID]: ecpg_execute on line 102: using PQexec
[NO_PID]: sqlca: code: 0, state: 00000
[NO_PID]: ecpg_process_output on line 102: OK: TRUNCATE TABLE
[NO_PID]: sqlca: code: 0, state: 00000
[NO_PID]: ecpg_execute on line 103: query: insert into test values($1,$2); with 2 parameter(s) on connection ecpg1_regression
[NO_PID]: sqlca: code: 0, state: 00000
[NO_PID]: ecpg_execute on line 103: using PQexecPrepared for "insert into test values($1,$2)"
[NO_PID]: sqlca: code: 0, state: 00000
[NO_PID]: ecpg_free_params on line 103: parameter 1 = fffefdfcfbfaf9f8f7f6f5f4f3f2f1f0efeeedecebeae9e8e7e6e5e4e3e2e1e0dfdedddcdbdad9d8d7d6d5d4d3d2d1d0cfcecdcccbcac9c8c7c6c5c4c3c2c1c0bfbebdbcbbbab9b8b7b6b5b4b3b2b1b0afaeadacabaaa9a8a7a6a5a4a3a2a1a09f9e9d9c9b9a999897969594939291908f8e8d8c8b8a898887868584838281807f7e7d7c7b7a797877767574737271706f6e6d6c6b6a696867666564636261605f5e5d5c5b5a595857565554535251504f4e4d4c4b4a494847464544434241403f3e3d3c3b3a393837363534333231302f2e2d2c2b2a292827262524232221201f1e1d1c1b1a191817161514131211100f0e0d0c0b0a09080706050403020100fffefdfcfbfaf9f8f7f6f5f4f3f2f1f0efeeedecebeae9e8e7e6e5e4e3e2e1e0dfdedddcdbdad9d8d7d6d5d4d3d2d1d0cfcecdcccbcac9c8c7c6c5c4c3c2c1c0bfbebdbcbbbab9b8b7b6b5b4b3b2b1b0afaeadacabaaa9a8a7a6a5a4a3a2a1a09f9e9d9c9b9a999897969594939291908f8e8d8c8b8a898887868584838281807f7e7d7c7b7a797877767574737271706f6e6d6c6b6a696867666564636261605f5e5d5c5b5a595857565554535251504f4e4d4c4b4a494847464544434241403f3e3d3c3b3a393837363534333231302f2e2d2c2b2a292827262524232221201f1e1d1c1b1a191817161514131211100f0e0d0c0b0a09080706050403020100
[NO_PID]: sqlca: code: 0, state: 00000
[NO_PID]: ecpg_free_params on line 103: parameter 2 = fffefdfcfbfaf9f8f7f6f5f4f3f2f1f0efeeedecebeae9e8e7e6e5e4e3e2e1e0dfdedddcdbdad9d8d7d6d5d4d3d2d1d0cfcecdcccbcac9c8c7c6c5c4c3c2c1c0bfbebdbcbbbab9b8b7b6b5b4b3b2b1b0afaeadacabaaa9a8a7a6a5a4a3a2a1a09f9e9d9c9b9a999897969594939291908f8e8d8c8b8a898887868584838281807f7e7d7c7b7a797877767574737271706f6e6d6c6b6a696867666564636261605f5e5d5c5b5a595857565554535251504f4e4d4c4b4a494847464544434241403f3e3d3c3b3a393837363534333231302f2e2d2c2b2a292827262524232221201f1e1d1c1b1a191817161514131211100f0e0d0c0b0a09080706050403020100fffefdfcfbfaf9f8f7f6f5f4f3f2f1f0efeeedecebeae9e8e7e6e5e4e3e2e1e0dfdedddcdbdad9d8d7d6d5d4d3d2d1d0cfcecdcccbcac9c8c7c6c5c4c3c2c1c0bfbebdbcbbbab9b8b7b6b5b4b3b2b1b0afaeadacabaaa9a8a7a6a5a4a3a2a1a09f9e9d9c9b9a999897969594939291908f8e8d8c8b8a898887868584838281807f7e7d7c7b7a797877767574737271706f6e6d6c6b6a696867666564636261605f5e5d5c5b5a595857565554535251504f4e4d4c4b4a494847464544434241403f3e3d3c3b3a393837363534333231302f2e2d2c2b2a292827262524232221201f1e1d1c1b1a191817161514131211100f0e0d0c0b0a09080706050403020100
[NO_PID]: sqlca: code: 0, state: 00000
[NO_PID]: ecpg_process_output on line 103: OK: INSERT 0 1
[NO_PID]: sqlca: code: 0, state: 00000
[NO_PID]: ecpg_execute on line 104: query: select data1,data2 from test; with 0 parameter(s) on connection ecpg1_regression
[NO_PID]: sqlca: code: 0, state: 00000
[NO_PID]: ecpg_execute on line 104: using PQexecPrepared for "select data1,data2 from test"
[NO_PID]: sqlca: code: 0, state: 00000
[NO_PID]: ecpg_process_output on line 104: correctly got 1 tuples with 2 fields
[NO_PID]: sqlca: code: 0, state: 00000
[NO_PID]: ecpg_get_data on line 104: RESULT: \xfffefdfcfbfaf9f8f7f6f5f4f3f2f1f0efeeedecebeae9e8e7e6e5e4e3e2e1e0dfdedddcdbdad9d8d7d6d5d4d3d2d1d0cfcecdcccbcac9c8c7c6c5c4c3c2c1c0bfbebdbcbbbab9b8b7b6b5b4b3b2b1b0afaeadacabaaa9a8a7a6a5a4a3a2a1a09f9e9d9c9b9a999897969594939291908f8e8d8c8b8a898887868584838281807f7e7d7c7b7a797877767574737271706f6e6d6c6b6a696867666564636261605f5e5d5c5b5a595857565554535251504f4e4d4c4b4a494847464544434241403f3e3d3c3b3a393837363534333231302f2e2d2c2b2a292827262524232221201f1e1d1c1b1a191817161514131211100f0e0d0c0b0a09080706050403020100fffefdfcfbfaf9f8f7f6f5f4f3f2f1f0efeeedecebeae9e8e7e6e5e4e3e2e1e0dfdedddcdbdad9d8d7d6d5d4d3d2d1d0cfcecdcccbcac9c8c7c6c5c4c3c2c1c0bfbebdbcbbbab9b8b7b6b5b4b3b2b1b0afaeadacabaaa9a8a7a6a5a4a3a2a1a09f9e9d9c9b9a999897969594939291908f8e8d8c8b8a898887868584838281807f7e7d7c7b7a797877767574737271706f6e6d6c6b6a696867666564636261605f5e5d5c5b5a595857565554535251504f4e4d4c4b4a494847464544434241403f3e3d3c3b3a393837363534333231302f2e2d2c2b2a292827262524232221201f1e1d1c1b1a191817161514131211100f0e0d0c0b0a09080706050403020100 offset: -1; array: no
[NO_PID]: sqlca: code: 0, state: 00000
[NO_PID]: ecpg_get_data on line 104: RESULT: \xfffefdfcfbfaf9f8f7f6f5f4f3f2f1f0efeeedecebeae9e8e7e6e5e4e3e2e1e0dfdedddcdbdad9d8d7d6d5d4d3d2d1d0cfcecdcccbcac9c8c7c6c5c4c3c2c1c0bfbebdbcbbbab9b8b7b6b5b4b3b2b1b0afaeadacabaaa9a8a7a6a5a4a3a2a1a09f9e9d9c9b9a999897969594939291908f8e8d8c8b8a898887868584838281807f7e7d7c7b7a797877767574737271706f6e6d6c6b6a696867666564636261605f5e5d5c5b5a595857565554535251504f4e4d4c4b4a494847464544434241403f3e3d3c3b3a393837363534333231302f2e2d2c2b2a292827262524232221201f1e1d1c1b1a191817161514131211100f0e0d0c0b0a09080706050403020100fffefdfcfbfaf9f8f7f6f5f4f3f2f1f0efeeedecebeae9e8e7e6e5e4e3e2e1e0dfdedddcdbdad9d8d7d6d5d4d3d2d1d0cfcecdcccbcac9c8c7c6c5c4c3c2c1c0bfbebdbcbbbab9b8b7b6b5b4b3b2b1b0afaeadacabaaa9a8a7a6a5a4a3a2a1a09f9e9d9c9b9a999897969594939291908f8e8d8c8b8a898887868584838281807f7e7d7c7b7a797877767574737271706f6e6d6c6b6a696867666564636261605f5e5d5c5b5a595857565554535251504f4e4d4c4b4a494847464544434241403f3e3d3c3b3a393837363534333231302f2e2d2c2b2a292827262524232221201f1e1d1c1b1a191817161514131211100f0e0d0c0b0a09080706050403020100 offset: -1; array: no
[NO_PID]: sqlca: code: 0, state: 00000
[NO_PID]: ecpg_execute on line 110: query: truncate test; with 0 parameter(s) on connection ecpg1_regression
[NO_PID]: sqlca: code: 0, state: 00000
[NO_PID]: ecpg_execute on line 110: using PQexec
[NO_PID]: sqlca: code: 0, state: 00000
[NO_PID]: ecpg_process_output on line 110: OK: TRUNCATE TABLE
[NO_PID]: sqlca: code: 0, state: 00000
[NO_PID]: ecpg_execute on line 113: query: insert into test values($1,$2); with 2 parameter(s) on connection ecpg1_regression
[NO_PID]: sqlca: code: 0, state: 00000
[NO_PID]: ecpg_execute on line 113: using PQexecPrepared for "insert into test values($1,$2)"
[NO_PID]: sqlca: code: 0, state: 00000
[NO_PID]: ecpg_free_params on line 113: parameter 1 = fffefdfcfbfaf9f8f7f6f5f4f3f2f1f0efeeedecebeae9e8e7e6e5e4e3e2e1e0dfdedddcdbdad9d8d7d6d5d4d3d2d1d0cfcecdcccbcac9c8c7c6c5c4c3c2c1c0bfbebdbcbbbab9b8b7b6b5b4b3b2b1b0afaeadacabaaa9a8a7a6a5a4a3a2a1a09f9e9d9c9b9a999897969594939291908f8e8d8c8b8a898887868584838281807f7e7d7c7b7a797877767574737271706f6e6d6c6b6a696867666564636261605f5e5d5c5b5a595857565554535251504f4e4d4c4b4a494847464544434241403f3e3d3c3b3a393837363534333231302f2e2d2c2b2a292827262524232221201f1e1d1c1b1a191817161514131211100f0e0d0c0b0a09080706050403020100fffefdfcfbfaf9f8f7f6f5f4f3f2f1f0efeeedecebeae9e8e7e6e5e4e3e2e1e0dfdedddcdbdad9d8d7d6d5d4d3d2d1d0cfcecdcccbcac9c8c7c6c5c4c3c2c1c0bfbebdbcbbbab9b8b7b6b5b4b3b2b1b0afaeadacabaaa9a8a7a6a5a4a3a2a1a09f9e9d9c9b9a999897969594939291908f8e8d8c8b8a898887868584838281807f7e7d7c7b7a797877767574737271706f6e6d6c6b6a696867666564636261605f5e5d5c5b5a595857565554535251504f4e4d4c4b4a494847464544434241403f3e3d3c3b3a393837363534333231302f2e2d2c2b2a292827262524232221201f1e1d1c1b1a191817161514131211100f0e0d0c0b0a09080706050403020100
[NO_PID]: sqlca: code: 0, state: 00000
[NO_PID]: ecpg_free_params on line 113: parameter 2 = fffefdfcfbfaf9f8f7f6f5f4f3f2f1f0efeeedecebeae9e8e7e6e5e4e3e2e1e0dfdedddcdbdad9d8d7d6d5d4d3d2d1d0cfcecdcccbcac9c8c7c6c5c4c3c2c1c0bfbebdbcbbbab9b8b7b6b5b4b3b2b1b0afaeadacabaaa9a8a7a6a5a4a3a2a1a09f9e9d9c9b9a999897969594939291908f8e8d8c8b8a898887868584838281807f7e7d7c7b7a797877767574737271706f6e6d6c6b6a696867666564636261605f5e5d5c5b5a595857565554535251504f4e4d4c4b4a494847464544434241403f3e3d3c3b3a393837363534333231302f2e2d2c2b2a292827262524232221201f1e1d1c1b1a191817161514131211100f0e0d0c0b0a09080706050403020100fffefdfcfbfaf9f8f7f6f5f4f3f2f1f0efeeedecebeae9e8e7e6e5e4e3e2e1e0dfdedddcdbdad9d8d7d6d5d4d3d2d1d0cfcecdcccbcac9c8c7c6c5c4c3c2c1c0bfbebdbcbbbab9b8b7b6b5b4b3b2b1b0afaeadacabaaa9a8a7a6a5a4a3a2a1a09f9e9d9c9b9a999897969594939291908f8e8d8c8b8a898887868584838281807f7e7d7c7b7a797877767574737271706f6e6d6c6b6a696867666564636261605f5e5d5c5b5a595857565554535251504f4e4d4c4b4a494847464544434241403f3e3d3c3b3a393837363534333231302f2e2d2c2b2a292827262524232221201f1e1d1c1b1a191817161514131211100f0e0d0c0b0a09080706050403020100
[NO_PID]: sqlca: code: 0, state: 00000
[NO_PID]: ecpg_process_output on line 113: OK: INSERT 0 1
[NO_PID]: sqlca: code: 0, state: 00000
[NO_PID]: ecpg_execute on line 114: query: select data1,data2 from test; with 0 parameter(s) on connection ecpg1_regression
[NO_PID]: sqlca: code: 0, state: 00000
[NO_PID]: ecpg_execute on line 114: using PQexecPrepared for "select data1,data2 from test"
[NO_PID]: sqlca: code: 0, state: 00000
[NO_PID]: ecpg_process_output on line 114: correctly got 1 tuples with 2 fields
[NO_PID]: sqlca: code: 0, state: 00000
[NO_PID]: ecpg_process_output on line 114: putting result (1 tuples) into descriptor odesc
[NO_PID]: sqlca: code: 0, state: 00000
[NO_PID]: ECPGget_desc: reading items for tuple 1
[NO_PID]: sqlca: code: 0, state: 00000
[NO_PID]: ecpg_get_data on line 115: RESULT: \xfffefdfcfbfaf9f8f7f6f5f4f3f2f1f0efeeedecebeae9e8e7e6e5e4e3e2e1e0dfdedddcdbdad9d8d7d6d5d4d3d2d1d0cfcecdcccbcac9c8c7c6c5c4c3c2c1c0bfbebdbcbbbab9b8b7b6b5b4b3b2b1b0afaeadacabaaa9a8a7a6a5a4a3a2a1a09f9e9d9c9b9a999897969594939291908f8e8d8c8b8a898887868584838281807f7e7d7c7b7a797877767574737271706f6e6d6c6b6a696867666564636261605f5e5d5c5b5a595857565554535251504f4e4d4c4b4a494847464544434241403f3e3d3c3b3a393837363534333231302f2e2d2c2b2a292827262524232221201f1e1d1c1b1a191817161514131211100f0e0d0c0b0a09080706050403020100fffefdfcfbfaf9f8f7f6f5f4f3f2f1f0efeeedecebeae9e8e7e6e5e4e3e2e1e0dfdedddcdbdad9d8d7d6d5d4d3d2d1d0cfcecdcccbcac9c8c7c6c5c4c3c2c1c0bfbebdbcbbbab9b8b7b6b5b4b3b2b1b0afaeadacabaaa9a8a7a6a5a4a3a2a1a09f9e9d9c9b9a999897969594939291908f8e8d8c8b8a898887868584838281807f7e7d7c7b7a797877767574737271706f6e6d6c6b6a696867666564636261605f5e5d5c5b5a595857565554535251504f4e4d4c4b4a494847464544434241403f3e3d3c3b3a393837363534333231302f2e2d2c2b2a292827262524232221201f1e1d1c1b1a191817161514131211100f0e0d0c0b0a09080706050403020100 offset: -1; array: no
[NO_PID]: sqlca: code: 0, state: 00000
[NO_PID]: ECPGget_desc: reading items for tuple 2
[NO_PID]: sqlca: code: 0, state: 00000
[NO_PID]: ecpg_get_data on line 116: RESULT: \xfffefdfcfbfaf9f8f7f6f5f4f3f2f1f0efeeedecebeae9e8e7e6e5e4e3e2e1e0dfdedddcdbdad9d8d7d6d5d4d3d2d1d0cfcecdcccbcac9c8c7c6c5c4c3c2c1c0bfbebdbcbbbab9b8b7b6b5b4b3b2b1b0afaeadacabaaa9a8a7a6a5a4a3a2a1a09f9e9d9c9b9a999897969594939291908f8e8d8c8b8a898887868584838281807f7e7d7c7b7a797877767574737271706f6e6d6c6b6a696867666564636261605f5e5d5c5b5a595857565554535251504f4e4d4c4b4a494847464544434241403f3e3d3c3b3a393837363534333231302f2e2d2c2b2a292827262524232221201f1e1d1c1b1a191817161514131211100f0e0d0c0b0a09080706050403020100fffefdfcfbfaf9f8f7f6f5f4f3f2f1f0efeeedecebeae9e8e7e6e5e4e3e2e1e0dfdedddcdbdad9d8d7d6d5d4d3d2d1d0cfcecdcccbcac9c8c7c6c5c4c3c2c1c0bfbebdbcbbbab9b8b7b6b5b4b3b2b1b0afaeadacabaaa9a8a7a6a5a4a3a2a1a09f9e9d9c9b9a999897969594939291908f8e8d8c8b8a898887868584838281807f7e7d7c7b7a797877767574737271706f6e6d6c6b6a696867666564636261605f5e5d5c5b5a595857565554535251504f4e4d4c4b4a494847464544434241403f3e3d3c3b3a393837363534333231302f2e2d2c2b2a292827262524232221201f1e1d1c1b1a191817161514131211100f0e0d0c0b0a09080706050403020100 offset: -1; array: no
[NO_PID]: sqlca: code: 0, state: 00000
[NO_PID]: ecpg_execute on line 120: query: drop table test; with 0 parameter(s) on connection ecpg1_regression
[NO_PID]: sqlca: code: 0, state: 00000
[NO_PID]: ecpg_execute on line 120: using PQexec
[NO_PID]: sqlca: code: 0, state: 00000
[NO_PID]: ecpg_process_output on line 120: OK: DROP TABLE
[NO_PID]: sqlca: code: 0, state: 00000
[NO_PID]: ECPGtrans on line 121: action "commit"; connection "ecpg1_regression"
[NO_PID]: sqlca: code: 0, state: 00000
[NO_PID]: ECPGtrans on line 126: action "begin"; connection "ecpg1_regression"
[NO_PID]: sqlca: code: 0, state: 00000
[NO_PID]: ecpg_execute on line 127: query: set log_parameter_max_length_on_error = - 1; with 0 parameter(s) on connection ecpg1_regression
[NO_PID]: sqlca: code: 0, state: 00000
[NO_PID]: ecpg_execute on line 127: using PQexec
[NO_PID]: sqlca: code: 0, state: 00000
[NO_PID]: ecpg_process_output on line 127: OK: SET
[NO_PID]: sqlca: code: 0, state: 00000
[NO_PID]: prepare_common on line 128: name errparams2; query: "SELECT $1::json"
[NO_PID]: sqlca: code: 0, state: 00000
[NO_PID]: ecpg_execute on line 129: query: SELECT $1::json; with 1 parameter(s) on connection ecpg1_regression
[NO_PID]: sqlca: code: 0, state: 00000
[NO_PID]: ecpg_execute on line 129: using PQexecPrepared for "SELECT $1::json"
[NO_PID]: sqlca: code: 0, state: 00000
[NO_PID]: ecpg_free_params on line 129: parameter 1 = 78
[NO_PID]: sqlca: code: 0, state: 00000
[NO_PID]: ecpg_check_PQresult on line 129: bad response - ERROR:  invalid input syntax for type json
DETAIL:  Token "x" is invalid.
CONTEXT:  JSON data, line 1: x
[NO_PID]: sqlca: code: 0, state: 00000
[NO_PID]: raising sqlstate 22P02 (sqlcode -400): invalid input syntax for type json on line 129
[NO_PID]: sqlca: code: -400, state: 22P02
SQL error: invalid input syntax for type json on line 129
[NO_PID]: ECPGtrans on line 130: action "rollback"; connection "ecpg1_regression"
[NO_PID]: sqlca: code: 0, state: 00000
[NO_PID]: ECPGtrans on line 133: action "begin"; connection "ecpg1_regression"
[NO_PID]: sqlca: code: 0, state: 00000
[NO_PID]: ecpg_execute on line 134: query: set log_parameter_max_length_on_error = - 1; with 0 parameter(s) on connection ecpg1_regression
[NO_PID]: sqlca: code: 0, state: 00000
[NO_PID]: ecpg_execute on line 134: using PQexec
[NO_PID]: sqlca: code: 0, state: 00000
[NO_PID]: ecpg_process_output on line 134: OK: SET
[NO_PID]: sqlca: code: 0, state: 00000
[NO_PID]: prepare_common on line 135: name errparams1; query: "SELECT a::json FROM (SELECT $1 AS a) AS sq"
[NO_PID]: sqlca: code: 0, state: 00000
[NO_PID]: ecpg_execute on line 136: query: SELECT a::json FROM (SELECT $1 AS a) AS sq; with 1 parameter(s) on connection ecpg1_regression
[NO_PID]: sqlca: code: 0, state: 00000
[NO_PID]: ecpg_execute on line 136: using PQexecPrepared for "SELECT a::json FROM (SELECT $1 AS a) AS sq"
[NO_PID]: sqlca: code: 0, state: 00000
[NO_PID]: ecpg_free_params on line 136: parameter 1 = 78
[NO_PID]: sqlca: code: 0, state: 00000
[NO_PID]: ecpg_check_PQresult on line 136: bad response - ERROR:  invalid input syntax for type json
DETAIL:  Token "x" is invalid.
CONTEXT:  JSON data, line 1: x
unnamed portal with parameters: $1 = 'x'
[NO_PID]: sqlca: code: 0, state: 00000
[NO_PID]: raising sqlstate 22P02 (sqlcode -400): invalid input syntax for type json on line 136
[NO_PID]: sqlca: code: -400, state: 22P02
SQL error: invalid input syntax for type json on line 136
[NO_PID]: ECPGtrans on line 137: action "rollback"; connection "ecpg1_regression"
[NO_PID]: sqlca: code: 0, state: 00000
[NO_PID]: deallocate_one on line 0: name errparams1
[NO_PID]: sqlca: code: 0, state: 00000
[NO_PID]: deallocate_one on line 0: name errparams2
[NO_PID]: sqlca: code: 0, state: 00000
[NO_PID]: deallocate_one on line 0: name sel_stmt
[NO_PID]: sqlca: code: 0, state: 00000
[NO_PID]: deallocate_one on line 0: name ins_stmt
[NO_PID]: sqlca: code: 0, state: 00000
[NO_PID]: ecpg_finish: connection ecpg1_regression closed
[NO_PID]: sqlca: code: 0, state: 00000
