Parsed test spec with 2 sessions

starting permutation: s1u s1c s2u
step s1u: UPDATE foo SET a=2 WHERE a=1;
step s1c: COMMIT;
step s2u: UPDATE foo SET b='EFG' WHERE a=1;

starting permutation: s1u s2u s1c
step s1u: UPDATE foo SET a=2 WHERE a=1;
step s2u: UPDATE foo SET b='EFG' WHERE a=1; <waiting ...>
step s1c: COMMIT;
step s2u: <... completed>
error in steps s1c s2u: ERROR:  tuple to be updated was already moved to another partition due to concurrent update

starting permutation: s2u s1u s1c
step s2u: UPDATE foo SET b='EFG' WHERE a=1;
step s1u: UPDATE foo SET a=2 WHERE a=1;
step s1c: COMMIT;

starting permutation: s1u s1c s2d
step s1u: UPDATE foo SET a=2 WHERE a=1;
step s1c: COMMIT;
step s2d: DELETE FROM foo WHERE a=1;

starting permutation: s1u s2d s1c
step s1u: UPDATE foo SET a=2 WHERE a=1;
step s2d: DELETE FROM foo WHERE a=1; <waiting ...>
step s1c: COMMIT;
step s2d: <... completed>
error in steps s1c s2d: ERROR:  tuple to be updated was already moved to another partition due to concurrent update

starting permutation: s2d s1u s1c
step s2d: DELETE FROM foo WHERE a=1;
step s1u: UPDATE foo SET a=2 WHERE a=1;
step s1c: COMMIT;
