Parsed test spec with 3 sessions

starting permutation: t00 noseq s1f1 t10 s2u s2v1 s1f2 t22 s2v2 s1f3
step t00: SELECT test_sto_clobber_snapshot_timestamp('3000-01-01 00:00:00Z');
test_sto_clobber_snapshot_timestamp

               
step noseq: SET enable_seqscan = false;
step s1f1: SELECT c FROM sto1 where c = 1000;
c              

1000           
step t10: SELECT test_sto_clobber_snapshot_timestamp('3000-01-01 00:10:00Z');
test_sto_clobber_snapshot_timestamp

               
step s2u: UPDATE sto1 SET c = 1001 WHERE c = 1000;
step s2v1: VACUUM sto1;
step s1f2: SELECT c FROM sto1 where c = 1001;
c              

step t22: SELECT test_sto_clobber_snapshot_timestamp('3000-01-01 00:22:00Z');
test_sto_clobber_snapshot_timestamp

               
step s2v2: VACUUM sto1;
step s1f3: SELECT c FROM sto1 where c = 1001;
ERROR:  snapshot too old
test_sto_reset_all_state

               
