-- CHECKPOINT
CHECKPOINT;
CHECKPOINT (SPREAD);
CHECKPOINT (SPREAD 2);
ERROR:  spread requires a Boolean value
CHECKPOINT (NONEXISTENT);
ERROR:  unrecognized CHECKPOINT option "nonexistent"
LINE 1: CHECKPOINT (NONEXISTENT);
                    ^
