do $$
DECLARE
  var int;
  PRAGMA xxx;
  PRAGMA do;
  PRAGMA var; -- name can be any identifier
  PRAGMA xxx(10, 10.1, 'aaaa', "aaaaa".aaaa, off, on); -- supported types
  PRAGMA xxx(label => value);
BEGIN
END;
$$;
